// Jest Snapshot v1, https://goo.gl/fbAQLP

exports[`Button should match snapshot 1`] = `
.c0 {
  font-size: 2rem;
  text-transform: capitalize;
  font-weight: 700;
  margin: 1rem 0;
}

@media (max-width:768px) {
  .c0 {
    font-size: 1.25rem;
  }
}

<h2
  className="c0"
>
  tomato
</h2>
`;
